// Jest Snapshot v1, https://goo.gl/fbAQLP

exports[`Confirming the display of calculator calculator displays 1`] = `
Object {
  "asFragment": [Function],
  "baseElement": <body>
    <div>
      <div
        class="calculate"
      >
        <h1>
          Let's do some math!
        </h1>
        <div
          class="calc"
        >
          <input
            class="inpute"
            value=""
          />
          <input
            class="signs gray"
            type="button"
            value="A/C"
          />
          <input
            class="signs gray"
            type="button"
            value="+/-"
          />
          <input
            class="signs gray"
            type="button"
            value="%"
          />
          <input
            class="signs orange"
            type="button"
            value="รท"
          />
          <input
            class="signs gray"
            type="button"
            value="7"
          />
          <input
            class="signs gray"
            type="button"
            value="8"
          />
          <input
            class="signs gray"
            type="button"
            value="9"
          />
          <input
            class="signs orange"
            type="button"
            value="x"
          />
          <input
            class="signs gray"
            type="button"
            value="4"
          />
          <input
            class="signs gray"
            type="button"
            value="5"
          />
          <input
            class="signs gray"
            type="button"
            value="6"
          />
          <input
            class="signs signs orange"
            type="button"
            value="-"
          />
          <input
            class="signs gray"
            type="button"
            value="1"
          />
          <input
            class="signs gray"
            type="button"
            value="2"
          />
          <input
            class="signs gray"
            type="button"
            value="3"
          />
          <input
            class="signs orange"
            type="button"
            value="+"
          />
          <input
            class="signs egals gray"
            type="button"
            value="0"
          />
          <input
            class="signs gray"
            type="button"
            value="."
          />
          <input
            class="signs orange"
            type="button"
            value="="
          />
        </div>
      </div>
    </div>
  </body>,
  "container": <div>
    <div
      class="calculate"
    >
      <h1>
        Let's do some math!
      </h1>
      <div
        class="calc"
      >
        <input
          class="inpute"
          value=""
        />
        <input
          class="signs gray"
          type="button"
          value="A/C"
        />
        <input
          class="signs gray"
          type="button"
          value="+/-"
        />
        <input
          class="signs gray"
          type="button"
          value="%"
        />
        <input
          class="signs orange"
          type="button"
          value="รท"
        />
        <input
          class="signs gray"
          type="button"
          value="7"
        />
        <input
          class="signs gray"
          type="button"
          value="8"
        />
        <input
          class="signs gray"
          type="button"
          value="9"
        />
        <input
          class="signs orange"
          type="button"
          value="x"
        />
        <input
          class="signs gray"
          type="button"
          value="4"
        />
        <input
          class="signs gray"
          type="button"
          value="5"
        />
        <input
          class="signs gray"
          type="button"
          value="6"
        />
        <input
          class="signs signs orange"
          type="button"
          value="-"
        />
        <input
          class="signs gray"
          type="button"
          value="1"
        />
        <input
          class="signs gray"
          type="button"
          value="2"
        />
        <input
          class="signs gray"
          type="button"
          value="3"
        />
        <input
          class="signs orange"
          type="button"
          value="+"
        />
        <input
          class="signs egals gray"
          type="button"
          value="0"
        />
        <input
          class="signs gray"
          type="button"
          value="."
        />
        <input
          class="signs orange"
          type="button"
          value="="
        />
      </div>
    </div>
  </div>,
  "debug": [Function],
  "findAllByAltText": [Function],
  "findAllByDisplayValue": [Function],
  "findAllByLabelText": [Function],
  "findAllByPlaceholderText": [Function],
  "findAllByRole": [Function],
  "findAllByTestId": [Function],
  "findAllByText": [Function],
  "findAllByTitle": [Function],
  "findByAltText": [Function],
  "findByDisplayValue": [Function],
  "findByLabelText": [Function],
  "findByPlaceholderText": [Function],
  "findByRole": [Function],
  "findByTestId": [Function],
  "findByText": [Function],
  "findByTitle": [Function],
  "getAllByAltText": [Function],
  "getAllByDisplayValue": [Function],
  "getAllByLabelText": [Function],
  "getAllByPlaceholderText": [Function],
  "getAllByRole": [Function],
  "getAllByTestId": [Function],
  "getAllByText": [Function],
  "getAllByTitle": [Function],
  "getByAltText": [Function],
  "getByDisplayValue": [Function],
  "getByLabelText": [Function],
  "getByPlaceholderText": [Function],
  "getByRole": [Function],
  "getByTestId": [Function],
  "getByText": [Function],
  "getByTitle": [Function],
  "queryAllByAltText": [Function],
  "queryAllByDisplayValue": [Function],
  "queryAllByLabelText": [Function],
  "queryAllByPlaceholderText": [Function],
  "queryAllByRole": [Function],
  "queryAllByTestId": [Function],
  "queryAllByText": [Function],
  "queryAllByTitle": [Function],
  "queryByAltText": [Function],
  "queryByDisplayValue": [Function],
  "queryByLabelText": [Function],
  "queryByPlaceholderText": [Function],
  "queryByRole": [Function],
  "queryByTestId": [Function],
  "queryByText": [Function],
  "queryByTitle": [Function],
  "rerender": [Function],
  "unmount": [Function],
}
`;
