// Jest Snapshot v1, https://goo.gl/fbAQLP

exports[`Confirming display of home Home displays 1`] = `
Object {
  "asFragment": [Function],
  "baseElement": <body>
    <div>
      <div
        class="home"
      >
        <h1>
          Welcom to our page
        </h1>
        <p>
          Lorem ipsum dolor sit amet consectetur adipisicing elit. Porro aliquid mollitia ea, tenetur adipisci, in fugiat tempora, numquam odio vitae esse unde ex consequatur ullam laborum magni pariatur illo maiores! Lorem ipsum dolor sit amet consectetur adipisicing elit. Porro aliquid mollitia ea, tenetur adipisci, in fugiat tempora, numquam odio vitae esse unde ex consequatur ullam laborum magni pariatur illo maiores!
        </p>
      </div>
    </div>
  </body>,
  "container": <div>
    <div
      class="home"
    >
      <h1>
        Welcom to our page
      </h1>
      <p>
        Lorem ipsum dolor sit amet consectetur adipisicing elit. Porro aliquid mollitia ea, tenetur adipisci, in fugiat tempora, numquam odio vitae esse unde ex consequatur ullam laborum magni pariatur illo maiores! Lorem ipsum dolor sit amet consectetur adipisicing elit. Porro aliquid mollitia ea, tenetur adipisci, in fugiat tempora, numquam odio vitae esse unde ex consequatur ullam laborum magni pariatur illo maiores!
      </p>
    </div>
  </div>,
  "debug": [Function],
  "findAllByAltText": [Function],
  "findAllByDisplayValue": [Function],
  "findAllByLabelText": [Function],
  "findAllByPlaceholderText": [Function],
  "findAllByRole": [Function],
  "findAllByTestId": [Function],
  "findAllByText": [Function],
  "findAllByTitle": [Function],
  "findByAltText": [Function],
  "findByDisplayValue": [Function],
  "findByLabelText": [Function],
  "findByPlaceholderText": [Function],
  "findByRole": [Function],
  "findByTestId": [Function],
  "findByText": [Function],
  "findByTitle": [Function],
  "getAllByAltText": [Function],
  "getAllByDisplayValue": [Function],
  "getAllByLabelText": [Function],
  "getAllByPlaceholderText": [Function],
  "getAllByRole": [Function],
  "getAllByTestId": [Function],
  "getAllByText": [Function],
  "getAllByTitle": [Function],
  "getByAltText": [Function],
  "getByDisplayValue": [Function],
  "getByLabelText": [Function],
  "getByPlaceholderText": [Function],
  "getByRole": [Function],
  "getByTestId": [Function],
  "getByText": [Function],
  "getByTitle": [Function],
  "queryAllByAltText": [Function],
  "queryAllByDisplayValue": [Function],
  "queryAllByLabelText": [Function],
  "queryAllByPlaceholderText": [Function],
  "queryAllByRole": [Function],
  "queryAllByTestId": [Function],
  "queryAllByText": [Function],
  "queryAllByTitle": [Function],
  "queryByAltText": [Function],
  "queryByDisplayValue": [Function],
  "queryByLabelText": [Function],
  "queryByPlaceholderText": [Function],
  "queryByRole": [Function],
  "queryByTestId": [Function],
  "queryByText": [Function],
  "queryByTitle": [Function],
  "rerender": [Function],
  "unmount": [Function],
}
`;
