// Jest Snapshot v1, https://goo.gl/fbAQLP

exports[`Test if the UI matches  1`] = `
<input
  className="signs gray"
  onClick={[Function]}
  type="button"
  value={2}
/>
`;
